// Jest Snapshot v1, https://goo.gl/fbAQLP

exports[`renders header correctly 1`] = `
<View
  style={
    Object {
      "height": 100,
      "paddingBottom": 13,
      "paddingHorizontal": 15,
      "paddingTop": 40,
    }
  }
>
  <View
    style={
      Object {
        "alignItems": "center",
        "flex": 1,
        "flexDirection": "row",
        "justifyContent": "space-between",
      }
    }
  >
    <Text
      style={
        Object {
          "color": "#ffffff",
          "fontSize": 19,
          "fontWeight": "700",
        }
      }
    >
      Test
    </Text>
  </View>
</View>
`;
